---
source: writ-compiler/tests/lowering_tests.rs
expression: ast
---
Ast {
    items: [
        Fn(
            AstFnDecl {
                attrs: [],
                vis: None,
                name: "intro",
                name_span: 4..9,
                generics: [],
                params: [],
                return_type: None,
                body: [
                    Let {
                        mutable: false,
                        name: "_narrator",
                        name_span: 15..23,
                        ty: None,
                        value: GenericCall {
                            callee: MemberAccess {
                                object: Ident {
                                    name: "Entity",
                                    span: 15..23,
                                },
                                field: "getOrCreate",
                                field_span: 15..23,
                                span: 15..23,
                            },
                            type_args: [
                                Named {
                                    name: "Narrator",
                                    span: 15..23,
                                },
                            ],
                            args: [],
                            span: 15..23,
                        },
                        span: 15..23,
                    },
                    Expr {
                        expr: Call {
                            callee: Ident {
                                name: "say_localized",
                                span: 14..44,
                            },
                            args: [
                                AstArg {
                                    name: None,
                                    value: Ident {
                                        name: "_narrator",
                                        span: 15..23,
                                    },
                                    span: 14..44,
                                },
                                AstArg {
                                    name: None,
                                    value: StringLit {
                                        value: "c63a5e3a",
                                        span: 14..44,
                                    },
                                    span: 14..44,
                                },
                                AstArg {
                                    name: None,
                                    value: StringLit {
                                        value: "Welcome to the game.",
                                        span: 24..44,
                                    },
                                    span: 14..44,
                                },
                            ],
                            span: 14..44,
                        },
                        span: 14..44,
                    },
                ],
                span: 0..46,
            },
        ),
    ],
}
