---
source: writ-compiler/tests/lowering_tests.rs
expression: ast
---
Ast {
    items: [
        Struct(
            AstStructDecl {
                attrs: [],
                vis: None,
                name: "Guard",
                name_span: 7..12,
                generics: [],
                fields: [],
                span: 0..47,
            },
        ),
        Impl(
            AstImplDecl {
                contract: Some(
                    Named {
                        name: "OnCreate",
                        span: 18..24,
                    },
                ),
                target: Named {
                    name: "Guard",
                    span: 7..12,
                },
                members: [
                    Fn(
                        AstFnDecl {
                            attrs: [],
                            vis: None,
                            name: "on_create",
                            name_span: 18..24,
                            generics: [],
                            params: [],
                            return_type: None,
                            body: [
                                Let {
                                    mutable: false,
                                    name: "x",
                                    name_span: 31..32,
                                    ty: Some(
                                        Named {
                                            name: "int",
                                            span: 34..37,
                                        },
                                    ),
                                    value: IntLit {
                                        value: 42,
                                        span: 40..42,
                                    },
                                    span: 27..43,
                                },
                            ],
                            span: 15..45,
                        },
                    ),
                ],
                span: 15..45,
            },
        ),
    ],
}
