---
source: writ-compiler/tests/lowering_tests.rs
expression: ast
---
Ast {
    items: [
        Fn(
            AstFnDecl {
                attrs: [],
                vis: None,
                name: "f",
                name_span: 3..4,
                generics: [],
                params: [
                    AstParam {
                        name: "h",
                        name_span: 5..6,
                        ty: Named {
                            name: "Handle",
                            span: 8..14,
                        },
                        span: 5..14,
                    },
                ],
                return_type: None,
                body: [
                    Expr {
                        expr: Cancel {
                            expr: Ident {
                                name: "h",
                                span: 25..26,
                            },
                            span: 18..26,
                        },
                        span: 18..27,
                    },
                ],
                span: 0..29,
            },
        ),
    ],
}
