---
source: writ-compiler/tests/lowering_tests.rs
expression: ast
---
Ast {
    items: [
        Contract(
            AstContractDecl {
                attrs: [],
                vis: None,
                name: "Drawable",
                name_span: 9..17,
                generics: [],
                members: [
                    FnSig(
                        AstFnSig {
                            attrs: [],
                            vis: None,
                            name: "draw",
                            name_span: 27..31,
                            generics: [],
                            params: [
                                AstParam {
                                    name: "x",
                                    name_span: 32..33,
                                    ty: Named {
                                        name: "int",
                                        span: 35..38,
                                    },
                                    span: 32..38,
                                },
                                AstParam {
                                    name: "y",
                                    name_span: 40..41,
                                    ty: Named {
                                        name: "int",
                                        span: 43..46,
                                    },
                                    span: 40..46,
                                },
                            ],
                            return_type: Some(
                                Named {
                                    name: "bool",
                                    span: 51..55,
                                },
                            ),
                            span: 24..56,
                        },
                    ),
                ],
                span: 0..58,
            },
        ),
        Component(
            AstComponentDecl {
                attrs: [],
                vis: None,
                name: "Health",
                name_span: 69..75,
                members: [
                    Field(
                        AstStructField {
                            vis: None,
                            name: "current",
                            name_span: 82..89,
                            ty: Named {
                                name: "int",
                                span: 91..94,
                            },
                            default: Some(
                                IntLit {
                                    value: 100,
                                    span: 97..100,
                                },
                            ),
                            span: 82..100,
                        },
                    ),
                    Field(
                        AstStructField {
                            vis: None,
                            name: "max",
                            name_span: 106..109,
                            ty: Named {
                                name: "int",
                                span: 111..114,
                            },
                            default: Some(
                                IntLit {
                                    value: 100,
                                    span: 117..120,
                                },
                            ),
                            span: 106..120,
                        },
                    ),
                    Fn(
                        AstFnDecl {
                            attrs: [],
                            vis: None,
                            name: "damage",
                            name_span: 129..135,
                            generics: [],
                            params: [
                                AstParam {
                                    name: "amount",
                                    name_span: 136..142,
                                    ty: Named {
                                        name: "int",
                                        span: 144..147,
                                    },
                                    span: 136..147,
                                },
                            ],
                            return_type: None,
                            body: [
                                Let {
                                    mutable: false,
                                    name: "x",
                                    name_span: 155..156,
                                    ty: Some(
                                        Named {
                                            name: "int",
                                            span: 158..161,
                                        },
                                    ),
                                    value: Ident {
                                        name: "amount",
                                        span: 164..170,
                                    },
                                    span: 151..171,
                                },
                            ],
                            span: 126..173,
                        },
                    ),
                ],
                span: 59..175,
            },
        ),
    ],
}
