---
source: writ-compiler/tests/lowering_tests.rs
expression: ast
---
Ast {
    items: [
        Struct(
            AstStructDecl {
                attrs: [],
                vis: None,
                name: "Guard",
                name_span: 7..12,
                generics: [],
                fields: [
                    AstStructField {
                        vis: None,
                        name: "$Health",
                        name_span: 19..25,
                        ty: Named {
                            name: "Health",
                            span: 19..25,
                        },
                        default: Some(
                            StructLit {
                                name: "Health",
                                name_span: 19..25,
                                fields: [
                                    (
                                        "current",
                                        28..35,
                                        IntLit {
                                            value: 80,
                                            span: 37..39,
                                        },
                                    ),
                                ],
                                span: 15..42,
                            },
                        ),
                        span: 15..42,
                    },
                    AstStructField {
                        vis: None,
                        name: "$Sprite",
                        name_span: 47..53,
                        ty: Named {
                            name: "Sprite",
                            span: 47..53,
                        },
                        default: Some(
                            StructLit {
                                name: "Sprite",
                                name_span: 47..53,
                                fields: [
                                    (
                                        "image",
                                        56..61,
                                        StringLit {
                                            value: "\"guard.png\"",
                                            span: 63..74,
                                        },
                                    ),
                                ],
                                span: 43..76,
                            },
                        ),
                        span: 43..76,
                    },
                ],
                span: 0..78,
            },
        ),
        Impl(
            AstImplDecl {
                contract: Some(
                    Generic {
                        name: "ComponentAccess",
                        args: [
                            Named {
                                name: "Health",
                                span: 19..25,
                            },
                        ],
                        span: 19..25,
                    },
                ),
                target: Named {
                    name: "Guard",
                    span: 7..12,
                },
                members: [
                    Fn(
                        AstFnDecl {
                            attrs: [],
                            vis: None,
                            name: "get",
                            name_span: 19..25,
                            generics: [],
                            params: [],
                            return_type: Some(
                                Named {
                                    name: "Health",
                                    span: 19..25,
                                },
                            ),
                            body: [
                                Return {
                                    value: Some(
                                        MemberAccess {
                                            object: SelfLit {
                                                span: 19..25,
                                            },
                                            field: "$Health",
                                            field_span: 19..25,
                                            span: 19..25,
                                        },
                                    ),
                                    span: 19..25,
                                },
                            ],
                            span: 15..42,
                        },
                    ),
                ],
                span: 15..42,
            },
        ),
        Impl(
            AstImplDecl {
                contract: Some(
                    Generic {
                        name: "ComponentAccess",
                        args: [
                            Named {
                                name: "Sprite",
                                span: 47..53,
                            },
                        ],
                        span: 47..53,
                    },
                ),
                target: Named {
                    name: "Guard",
                    span: 7..12,
                },
                members: [
                    Fn(
                        AstFnDecl {
                            attrs: [],
                            vis: None,
                            name: "get",
                            name_span: 47..53,
                            generics: [],
                            params: [],
                            return_type: Some(
                                Named {
                                    name: "Sprite",
                                    span: 47..53,
                                },
                            ),
                            body: [
                                Return {
                                    value: Some(
                                        MemberAccess {
                                            object: SelfLit {
                                                span: 47..53,
                                            },
                                            field: "$Sprite",
                                            field_span: 47..53,
                                            span: 47..53,
                                        },
                                    ),
                                    span: 47..53,
                                },
                            ],
                            span: 43..76,
                        },
                    ),
                ],
                span: 43..76,
            },
        ),
    ],
}
